PLINK v2.0.0-a.7.11LM AVX2 Intel (1 Oct 2026)
Options in effect:
  --make-pgen
  --out results/qc/00_raw
  --vcf data/WES_TREM2_5k_boundaries_raw.vcf.gz

Hostname: DESKTOP-V5M4HGF
Working directory: /mnt/c/Users/jimmy/Documents/GitHub/WashU-Belloy-Lab-Interview
Start time: Tue Oct  6 16:36:43 2026

Random number seed: 1791329803
15571 MiB RAM detected, ~14858 available; reserving 7785 MiB for main
workspace.
Using up to 12 threads (change this with --threads).
--vcf: 279 variants scanned.
--vcf: results/qc/00_raw-temporary.pgen + results/qc/00_raw-temporary.pvar.zst
+ results/qc/00_raw-temporary.psam written.
10481 samples (0 females, 0 males, 10481 ambiguous; 10481 founders) loaded from
results/qc/00_raw-temporary.psam.
279 variants loaded from results/qc/00_raw-temporary.pvar.zst.
Note: No phenotype data present.
Writing results/qc/00_raw.psam ... done.
Writing results/qc/00_raw.pvar ... done.
Writing results/qc/00_raw.pgen ... done.

End time: Tue Oct  6 16:36:43 2026
