PLINK v2.0.0-a.7.11LM AVX2 Intel (1 Oct 2026)
Options in effect:
  --hwe 1e-5
  --keep results/qc/controls.keep
  --make-pgen
  --out results/qc/02_hwe_controls
  --pfile results/qc/01_geno

Hostname: DESKTOP-V5M4HGF
Working directory: /mnt/c/Users/jimmy/Documents/GitHub/WashU-Belloy-Lab-Interview
Start time: Tue Oct  6 16:36:43 2026

Random number seed: 1791329803
15571 MiB RAM detected, ~14855 available; reserving 7785 MiB for main
workspace.
Using up to 12 threads (change this with --threads).
10481 samples (0 females, 0 males, 10481 ambiguous; 10481 founders) loaded from
results/qc/01_geno.psam.
163 variants loaded from results/qc/01_geno.pvar.
Note: No phenotype data present.
--keep: 4962 samples remaining.
4962 samples (0 females, 0 males, 4962 ambiguous; 4962 founders) remaining
after main filters.
Calculating allele frequencies... done.
--hwe: 0 variants removed due to Hardy-Weinberg exact test (founders only).
163 variants remaining after main filters.
Writing results/qc/02_hwe_controls.psam ... done.
Writing results/qc/02_hwe_controls.pvar ... done.
Writing results/qc/02_hwe_controls.pgen ... done.

End time: Tue Oct  6 16:36:43 2026
