PLINK v2.0.0-a.7.11LM AVX2 Intel (1 Oct 2026)
Options in effect:
  --extract results/vep/trem2_lof_variants.txt
  --make-pgen
  --out results/skat/trem2_lof
  --pfile results/qc/04_final

Hostname: DESKTOP-V5M4HGF
Working directory: /mnt/c/Users/jimmy/Documents/GitHub/WashU-Belloy-Lab-Interview
Start time: Thu Oct  8 13:29:22 2026

Random number seed: 1791491362
15571 MiB RAM detected, ~14890 available; reserving 7785 MiB for main
workspace.
Using up to 12 threads (change this with --threads).
10481 samples (0 females, 0 males, 10481 ambiguous; 10481 founders) loaded from
results/qc/04_final.psam.
33 variants loaded from results/qc/04_final.pvar.
Note: No phenotype data present.
--extract: 3 variants remaining.
3 variants remaining after main filters.
Writing results/skat/trem2_lof.psam ... done.
Writing results/skat/trem2_lof.pvar ... done.
Writing results/skat/trem2_lof.pgen ... done.

End time: Thu Oct  8 13:29:22 2026
